{
  "version": "1.4.0",
  "filters_used": [
    {
      "path": "detect_secrets.filters.allowlist.is_line_allowlisted"
    },
    {
      "path": "detect_secrets.filters.common.is_baseline_file",
      "filename": ".secrets.baseline"
    }
  ],
  "results": {},
  "generated_at": "2026-01-04T08:25:06Z"
}
